ERROR:root:[MAMBA-SSM] ✗ Failed to import mamba_ssm: No module named 'mamba_ssm'
ERROR:root:[MAMBA-SSM] Please install: pip install mamba-ssm
{"stage": "sample", "seed": 42, "episodes": 1, "outcome": "success", "seconds": 0.007784366607666016, "grid": 80, "parity": true}
{"stage": "sample", "seed": 42, "episodes": 2, "outcome": "success", "seconds": 0.9362647533416748, "grid": 80, "parity": true}
{"stage": "sample", "seed": 42, "episodes": 3, "outcome": "success", "seconds": 1.4291448593139648, "grid": 80, "parity": true}
{"stage": "sample", "seed": 42, "episodes": 4, "outcome": "success", "seconds": 1.9450352191925049, "grid": 80, "parity": true}
{"stage": "sample", "seed": 42, "episodes": 5, "outcome": "success", "seconds": 2.5010769367218018, "grid": 80, "parity": true}
{"stage": "sample", "seed": 42, "episodes": 6, "outcome": "success", "seconds": 3.0153608322143555, "grid": 80, "parity": true}
{"stage": "sample", "seed": 42, "episodes": 7, "outcome": "success", "seconds": 3.543288469314575, "grid": 80, "parity": true}
{"stage": "sample", "seed": 42, "episodes": 8, "outcome": "success", "seconds": 4.073693513870239, "grid": 80, "parity": true}
{"stage": "sample", "seed": 42, "episodes": 9, "outcome": "success", "seconds": 4.597407817840576, "grid": 80, "parity": true}
{"stage": "sample", "seed": 42, "episodes": 10, "outcome": "success", "seconds": 5.161421298980713, "grid": 80, "parity": true}
{"stage": "sample", "seed": 42, "episodes": 11, "outcome": "success", "seconds": 5.673028945922852, "grid": 80, "parity": true}
{"stage": "sample", "seed": 42, "episodes": 12, "outcome": "success", "seconds": 6.267571926116943, "grid": 80, "parity": true}
{"stage": "sample", "seed": 42, "episodes": 13, "outcome": "success", "seconds": 6.7629804611206055, "grid": 80, "parity": true}
{"stage": "sample", "seed": 42, "episodes": 14, "outcome": "success", "seconds": 7.344743490219116, "grid": 80, "parity": true}
{"stage": "sample", "seed": 42, "episodes": 15, "outcome": "success", "seconds": 7.836329698562622, "grid": 80, "parity": true}
{"stage": "sample", "seed": 42, "episodes": 16, "outcome": "success", "seconds": 8.37144160270691, "grid": 80, "parity": true}
{"stage": "sample", "seed": 42, "episodes": 17, "outcome": "success", "seconds": 8.875548362731934, "grid": 80, "parity": true}
{"stage": "sample", "seed": 42, "episodes": 18, "outcome": "success", "seconds": 9.396810293197632, "grid": 80, "parity": true}
{"stage": "sample", "seed": 42, "episodes": 19, "outcome": "success", "seconds": 9.899648189544678, "grid": 80, "parity": true}
{"stage": "sample", "seed": 42, "episodes": 20, "outcome": "success", "seconds": 10.510844230651855, "grid": 80, "parity": true}
{"stage": "sample", "seed": 42, "episodes": 21, "outcome": "success", "seconds": 11.066739559173584, "grid": 80, "parity": true}
{"stage": "sample", "seed": 42, "episodes": 22, "outcome": "success", "seconds": 11.670382022857666, "grid": 80, "parity": true}
{"stage": "sample", "seed": 42, "episodes": 23, "outcome": "success", "seconds": 12.262821674346924, "grid": 80, "parity": true}
{"stage": "sample", "seed": 42, "episodes": 24, "outcome": "success", "seconds": 12.738582134246826, "grid": 80, "parity": true}
{"stage": "sample", "seed": 42, "episodes": 25, "outcome": "success", "seconds": 13.277942657470703, "grid": 80, "parity": true}
{"stage": "sample", "seed": 42, "episodes": 26, "outcome": "success", "seconds": 13.79325819015503, "grid": 80, "parity": true}
{"stage": "sample", "seed": 42, "episodes": 27, "outcome": "success", "seconds": 14.28402829170227, "grid": 80, "parity": true}
{"stage": "sample", "seed": 42, "episodes": 28, "outcome": "success", "seconds": 14.821253299713135, "grid": 80, "parity": true}
{"stage": "sample", "seed": 42, "episodes": 29, "outcome": "success", "seconds": 15.361433506011963, "grid": 80, "parity": true}
{"stage": "sample", "seed": 42, "episodes": 30, "outcome": "success", "seconds": 15.835704803466797, "grid": 80, "parity": true}
{"stage": "sample", "seed": 42, "episodes": 31, "outcome": "success", "seconds": 16.3397159576416, "grid": 80, "parity": true}
{"stage": "sample", "seed": 42, "episodes": 32, "outcome": "success", "seconds": 16.89394187927246, "grid": 80, "parity": true}
{"stage": "sample", "seed": 42, "episodes": 33, "outcome": "success", "seconds": 17.94651484489441, "grid": 80, "parity": true}
{"stage": "sample", "seed": 42, "episodes": 34, "outcome": "success", "seconds": 18.905261278152466, "grid": 80, "parity": true}
{"stage": "sample", "seed": 42, "episodes": 35, "outcome": "success", "seconds": 19.410547733306885, "grid": 80, "parity": true}
{"stage": "sample", "seed": 42, "episodes": 36, "outcome": "success", "seconds": 20.006438732147217, "grid": 80, "parity": true}
{"stage": "sample", "seed": 42, "episodes": 37, "outcome": "success", "seconds": 20.840625286102295, "grid": 80, "parity": true}
{"stage": "sample", "seed": 42, "episodes": 38, "outcome": "success", "seconds": 21.564911603927612, "grid": 80, "parity": true}
{"stage": "sample", "seed": 42, "episodes": 39, "outcome": "success", "seconds": 22.29422378540039, "grid": 80, "parity": true}
{"stage": "sample", "seed": 42, "episodes": 40, "outcome": "success", "seconds": 23.087549448013306, "grid": 80, "parity": true}
{"stage": "sample", "seed": 42, "episodes": 41, "outcome": "success", "seconds": 23.667867422103882, "grid": 80, "parity": true}
{"stage": "sample", "seed": 42, "episodes": 42, "outcome": "success", "seconds": 24.443771362304688, "grid": 80, "parity": true}
{"stage": "sample", "seed": 42, "episodes": 43, "outcome": "success", "seconds": 25.04319953918457, "grid": 80, "parity": true}
{"stage": "sample", "seed": 42, "episodes": 44, "outcome": "success", "seconds": 25.53463053703308, "grid": 80, "parity": true}
{"stage": "sample", "seed": 42, "episodes": 45, "outcome": "success", "seconds": 26.177472829818726, "grid": 80, "parity": true}
{"stage": "sample", "seed": 42, "episodes": 46, "outcome": "success", "seconds": 27.09911608695984, "grid": 80, "parity": true}
{"stage": "sample", "seed": 42, "episodes": 47, "outcome": "success", "seconds": 27.728102922439575, "grid": 80, "parity": true}
{"stage": "sample", "seed": 42, "episodes": 48, "outcome": "timeout", "seconds": 29.07823085784912, "grid": 80, "parity": true}
{"stage": "sample", "seed": 42, "episodes": 49, "outcome": "success", "seconds": 29.82858180999756, "grid": 80, "parity": true}
{"stage": "sample", "seed": 42, "episodes": 50, "outcome": "success", "seconds": 30.61445188522339, "grid": 80, "parity": true}
{"stage": "sample", "seed": 42, "episodes": 51, "outcome": "success", "seconds": 31.25670599937439, "grid": 80, "parity": true}
{"stage": "sample", "seed": 42, "episodes": 52, "outcome": "success", "seconds": 31.855915307998657, "grid": 80, "parity": true}
{"stage": "sample", "seed": 42, "episodes": 53, "outcome": "success", "seconds": 32.46999526023865, "grid": 80, "parity": true}
{"stage": "sample", "seed": 42, "episodes": 54, "outcome": "success", "seconds": 33.123536348342896, "grid": 80, "parity": true}
{"stage": "sample", "seed": 42, "episodes": 55, "outcome": "success", "seconds": 33.83285903930664, "grid": 80, "parity": true}
{"stage": "sample", "seed": 42, "episodes": 56, "outcome": "success", "seconds": 34.458521366119385, "grid": 80, "parity": true}
{"stage": "sample", "seed": 42, "episodes": 57, "outcome": "success", "seconds": 34.9106707572937, "grid": 80, "parity": true}
{"stage": "sample", "seed": 42, "episodes": 58, "outcome": "success", "seconds": 35.42171573638916, "grid": 80, "parity": true}
{"stage": "sample", "seed": 42, "episodes": 59, "outcome": "success", "seconds": 36.080100297927856, "grid": 80, "parity": true}
{"stage": "sample", "seed": 42, "episodes": 60, "outcome": "success", "seconds": 37.12321162223816, "grid": 80, "parity": true}
{"stage": "sample", "seed": 42, "episodes": 61, "outcome": "success", "seconds": 37.769203901290894, "grid": 80, "parity": true}
{"stage": "sample", "seed": 42, "episodes": 62, "outcome": "success", "seconds": 38.66087865829468, "grid": 80, "parity": true}
{"stage": "sample", "seed": 42, "episodes": 63, "outcome": "success", "seconds": 39.287365674972534, "grid": 80, "parity": true}
{"stage": "sample", "seed": 42, "episodes": 64, "outcome": "success", "seconds": 40.344021797180176, "grid": 80, "parity": true}
{"stage": "sample", "seed": 42, "episodes": 65, "outcome": "success", "seconds": 41.08995819091797, "grid": 80, "parity": true}
{"stage": "sample", "seed": 42, "episodes": 66, "outcome": "success", "seconds": 41.86813282966614, "grid": 80, "parity": true}
{"stage": "sample", "seed": 42, "episodes": 67, "outcome": "success", "seconds": 42.57359433174133, "grid": 80, "parity": true}
{"stage": "sample", "seed": 42, "episodes": 68, "outcome": "success", "seconds": 43.41317439079285, "grid": 80, "parity": true}
{"stage": "sample", "seed": 42, "episodes": 69, "outcome": "success", "seconds": 44.14470028877258, "grid": 80, "parity": true}
{"stage": "sample", "seed": 42, "episodes": 70, "outcome": "success", "seconds": 44.759621381759644, "grid": 80, "parity": true}
{"stage": "sample", "seed": 42, "episodes": 71, "outcome": "success", "seconds": 45.415589809417725, "grid": 80, "parity": true}
{"stage": "sample", "seed": 42, "episodes": 72, "outcome": "success", "seconds": 46.232919454574585, "grid": 80, "parity": true}
{"stage": "sample", "seed": 42, "episodes": 73, "outcome": "success", "seconds": 46.87805390357971, "grid": 80, "parity": true}
{"stage": "sample", "seed": 42, "episodes": 74, "outcome": "success", "seconds": 47.70834732055664, "grid": 80, "parity": true}
{"stage": "sample", "seed": 42, "episodes": 75, "outcome": "success", "seconds": 48.34877324104309, "grid": 80, "parity": true}
{"stage": "sample", "seed": 42, "episodes": 76, "outcome": "success", "seconds": 48.98390984535217, "grid": 80, "parity": true}
{"stage": "sample", "seed": 42, "episodes": 77, "outcome": "success", "seconds": 49.684690952301025, "grid": 80, "parity": true}
{"stage": "sample", "seed": 42, "episodes": 78, "outcome": "success", "seconds": 50.38042640686035, "grid": 80, "parity": true}
{"stage": "sample", "seed": 42, "episodes": 79, "outcome": "success", "seconds": 51.184643507003784, "grid": 80, "parity": true}
{"stage": "sample", "seed": 42, "episodes": 80, "outcome": "success", "seconds": 51.97459173202515, "grid": 80, "parity": true}
{"stage": "sample", "seed": 42, "episodes": 81, "outcome": "success", "seconds": 52.691832542419434, "grid": 80, "parity": true}
{"stage": "sample", "seed": 42, "episodes": 82, "outcome": "success", "seconds": 53.32693552970886, "grid": 80, "parity": true}
{"stage": "sample", "seed": 42, "episodes": 83, "outcome": "success", "seconds": 53.99599862098694, "grid": 80, "parity": true}
{"stage": "sample", "seed": 42, "episodes": 84, "outcome": "success", "seconds": 54.75317454338074, "grid": 80, "parity": true}
{"stage": "sample", "seed": 42, "episodes": 85, "outcome": "success", "seconds": 55.554057359695435, "grid": 80, "parity": true}
{"stage": "sample", "seed": 42, "episodes": 86, "outcome": "success", "seconds": 56.21983528137207, "grid": 80, "parity": true}
{"stage": "sample", "seed": 42, "episodes": 87, "outcome": "success", "seconds": 56.873597383499146, "grid": 80, "parity": true}
{"stage": "sample", "seed": 42, "episodes": 88, "outcome": "success", "seconds": 57.43075680732727, "grid": 80, "parity": true}
{"stage": "sample", "seed": 42, "episodes": 89, "outcome": "success", "seconds": 58.16454315185547, "grid": 80, "parity": true}
{"stage": "sample", "seed": 42, "episodes": 90, "outcome": "success", "seconds": 58.95275902748108, "grid": 80, "parity": true}
{"stage": "sample", "seed": 42, "episodes": 91, "outcome": "success", "seconds": 59.891432762145996, "grid": 80, "parity": true}
{"stage": "sample", "seed": 42, "episodes": 92, "outcome": "success", "seconds": 60.40846657752991, "grid": 80, "parity": true}
{"stage": "sample", "seed": 42, "episodes": 93, "outcome": "success", "seconds": 61.079845666885376, "grid": 80, "parity": true}
{"stage": "sample", "seed": 42, "episodes": 94, "outcome": "success", "seconds": 61.808964252471924, "grid": 80, "parity": true}
{"stage": "sample", "seed": 42, "episodes": 95, "outcome": "success", "seconds": 62.53439784049988, "grid": 80, "parity": true}
{"stage": "sample", "seed": 42, "episodes": 96, "outcome": "success", "seconds": 63.263959884643555, "grid": 80, "parity": true}
{"stage": "sample", "seed": 42, "episodes": 97, "outcome": "collision", "seconds": 63.64052057266235, "grid": 80, "parity": true}
{"stage": "sample", "seed": 42, "episodes": 98, "outcome": "success", "seconds": 64.76438450813293, "grid": 80, "parity": true}
{"stage": "sample", "seed": 42, "episodes": 99, "outcome": "success", "seconds": 65.73153829574585, "grid": 80, "parity": true}
{"stage": "sample", "seed": 42, "episodes": 100, "outcome": "success", "seconds": 66.62098360061646, "grid": 80, "parity": true}
{"stage": "sample", "seed": 42, "episodes": 101, "outcome": "success", "seconds": 67.44735169410706, "grid": 80, "parity": true}
{"stage": "sample", "seed": 42, "episodes": 102, "outcome": "success", "seconds": 68.3279926776886, "grid": 80, "parity": true}
{"stage": "sample", "seed": 42, "episodes": 103, "outcome": "success", "seconds": 69.28963303565979, "grid": 80, "parity": true}
{"stage": "sample", "seed": 42, "episodes": 104, "outcome": "timeout", "seconds": 70.91653442382812, "grid": 80, "parity": true}
{"stage": "sample", "seed": 42, "episodes": 105, "outcome": "success", "seconds": 71.8224663734436, "grid": 80, "parity": true}
{"stage": "sample", "seed": 42, "episodes": 106, "outcome": "timeout", "seconds": 73.37871551513672, "grid": 80, "parity": true}
{"stage": "sample", "seed": 42, "episodes": 107, "outcome": "timeout", "seconds": 74.93548774719238, "grid": 80, "parity": true}
{"stage": "sample", "seed": 42, "episodes": 108, "outcome": "success", "seconds": 76.16385579109192, "grid": 80, "parity": true}
{"stage": "sample", "seed": 42, "episodes": 109, "outcome": "success", "seconds": 77.02611422538757, "grid": 80, "parity": true}
{"stage": "sample", "seed": 42, "episodes": 110, "outcome": "success", "seconds": 77.92513632774353, "grid": 80, "parity": true}
{"stage": "sample", "seed": 42, "episodes": 111, "outcome": "timeout", "seconds": 79.49196100234985, "grid": 80, "parity": true}
{"stage": "sample", "seed": 42, "episodes": 112, "outcome": "success", "seconds": 80.34237003326416, "grid": 80, "parity": true}
{"stage": "sample", "seed": 42, "episodes": 113, "outcome": "collision", "seconds": 80.62339735031128, "grid": 80, "parity": true}
{"stage": "sample", "seed": 42, "episodes": 114, "outcome": "timeout", "seconds": 82.26422190666199, "grid": 80, "parity": true}
{"stage": "sample", "seed": 42, "episodes": 115, "outcome": "success", "seconds": 83.17439293861389, "grid": 80, "parity": true}
{"stage": "sample", "seed": 42, "episodes": 116, "outcome": "success", "seconds": 84.08330488204956, "grid": 80, "parity": true}
{"stage": "sample", "seed": 42, "episodes": 117, "outcome": "success", "seconds": 85.16416478157043, "grid": 80, "parity": true}
{"stage": "sample", "seed": 42, "episodes": 118, "outcome": "timeout", "seconds": 86.75536155700684, "grid": 80, "parity": true}
{"stage": "sample", "seed": 42, "episodes": 119, "outcome": "success", "seconds": 88.166255235672, "grid": 80, "parity": true}
{"stage": "sample", "seed": 42, "episodes": 120, "outcome": "timeout", "seconds": 89.7064950466156, "grid": 80, "parity": true}
{"stage": "sample", "seed": 42, "episodes": 121, "outcome": "timeout", "seconds": 91.27671837806702, "grid": 80, "parity": true}
{"stage": "sample", "seed": 42, "episodes": 122, "outcome": "timeout", "seconds": 92.89121222496033, "grid": 80, "parity": true}
{"stage": "sample", "seed": 42, "episodes": 123, "outcome": "success", "seconds": 93.8463487625122, "grid": 80, "parity": true}
{"stage": "sample", "seed": 42, "episodes": 124, "outcome": "success", "seconds": 94.92816424369812, "grid": 80, "parity": true}
{"stage": "sample", "seed": 42, "episodes": 125, "outcome": "success", "seconds": 96.070396900177, "grid": 80, "parity": true}
{"stage": "sample", "seed": 42, "episodes": 126, "outcome": "success", "seconds": 97.50792193412781, "grid": 80, "parity": true}
{"stage": "sample", "seed": 42, "episodes": 127, "outcome": "success", "seconds": 98.53816723823547, "grid": 80, "parity": true}
{"stage": "sample", "seed": 42, "episodes": 128, "outcome": "timeout", "seconds": 100.11328172683716, "grid": 80, "parity": true}
{"stage": "sample", "seed": 42, "episodes": 129, "outcome": "success", "seconds": 101.00166606903076, "grid": 80, "parity": true}
{"stage": "sample", "seed": 42, "episodes": 130, "outcome": "success", "seconds": 101.89157962799072, "grid": 80, "parity": true}
{"stage": "sample", "seed": 42, "episodes": 131, "outcome": "success", "seconds": 102.74088048934937, "grid": 80, "parity": true}
{"stage": "sample", "seed": 42, "episodes": 132, "outcome": "success", "seconds": 103.6033399105072, "grid": 80, "parity": true}
{"stage": "sample", "seed": 42, "episodes": 133, "outcome": "success", "seconds": 104.46830821037292, "grid": 80, "parity": true}
{"stage": "sample", "seed": 42, "episodes": 134, "outcome": "success", "seconds": 105.35303044319153, "grid": 80, "parity": true}
{"stage": "sample", "seed": 42, "episodes": 135, "outcome": "success", "seconds": 106.2657675743103, "grid": 80, "parity": true}
{"stage": "sample", "seed": 42, "episodes": 136, "outcome": "success", "seconds": 107.19446897506714, "grid": 80, "parity": true}
{"stage": "sample", "seed": 42, "episodes": 137, "outcome": "success", "seconds": 108.17122602462769, "grid": 80, "parity": true}
{"stage": "sample", "seed": 42, "episodes": 138, "outcome": "success", "seconds": 109.09769535064697, "grid": 80, "parity": true}
{"stage": "sample", "seed": 42, "episodes": 139, "outcome": "success", "seconds": 110.02495980262756, "grid": 80, "parity": true}
{"stage": "sample", "seed": 42, "episodes": 140, "outcome": "success", "seconds": 110.89346885681152, "grid": 80, "parity": true}
{"stage": "sample", "seed": 42, "episodes": 141, "outcome": "success", "seconds": 111.84712338447571, "grid": 80, "parity": true}
{"stage": "sample", "seed": 42, "episodes": 142, "outcome": "success", "seconds": 112.7699089050293, "grid": 80, "parity": true}
{"stage": "sample", "seed": 42, "episodes": 143, "outcome": "success", "seconds": 113.61161541938782, "grid": 80, "parity": true}
{"stage": "sample", "seed": 42, "episodes": 144, "outcome": "success", "seconds": 114.5014877319336, "grid": 80, "parity": true}
{"stage": "sample", "seed": 42, "episodes": 145, "outcome": "success", "seconds": 115.54105997085571, "grid": 80, "parity": true}
{"stage": "sample", "seed": 42, "episodes": 146, "outcome": "success", "seconds": 116.3984010219574, "grid": 80, "parity": true}
{"stage": "sample", "seed": 42, "episodes": 147, "outcome": "success", "seconds": 117.1793429851532, "grid": 80, "parity": true}
{"stage": "sample", "seed": 42, "episodes": 148, "outcome": "success", "seconds": 118.26882576942444, "grid": 80, "parity": true}
{"stage": "sample", "seed": 42, "episodes": 149, "outcome": "success", "seconds": 119.41054248809814, "grid": 80, "parity": true}
{"stage": "sample", "seed": 42, "episodes": 150, "outcome": "success", "seconds": 120.22506523132324, "grid": 80, "parity": true}
{"stage": "sample", "seed": 42, "episodes": 151, "outcome": "success", "seconds": 121.23214340209961, "grid": 80, "parity": true}
{"stage": "sample", "seed": 42, "episodes": 152, "outcome": "success", "seconds": 122.10746788978577, "grid": 80, "parity": true}
{"stage": "sample", "seed": 42, "episodes": 153, "outcome": "success", "seconds": 122.8428602218628, "grid": 80, "parity": true}
{"stage": "sample", "seed": 42, "episodes": 154, "outcome": "success", "seconds": 123.77306604385376, "grid": 80, "parity": true}
{"stage": "sample", "seed": 42, "episodes": 155, "outcome": "success", "seconds": 124.6183660030365, "grid": 80, "parity": true}
{"stage": "sample", "seed": 42, "episodes": 156, "outcome": "success", "seconds": 125.63493967056274, "grid": 80, "parity": true}
{"stage": "sample", "seed": 42, "episodes": 157, "outcome": "success", "seconds": 126.45992422103882, "grid": 80, "parity": true}
{"stage": "sample", "seed": 42, "episodes": 158, "outcome": "success", "seconds": 127.34550213813782, "grid": 80, "parity": true}
{"stage": "sample", "seed": 42, "episodes": 159, "outcome": "success", "seconds": 128.2517580986023, "grid": 80, "parity": true}
{"stage": "sample", "seed": 42, "episodes": 160, "outcome": "success", "seconds": 129.16681265830994, "grid": 80, "parity": true}
{"stage": "sample", "seed": 42, "episodes": 161, "outcome": "success", "seconds": 130.01179671287537, "grid": 80, "parity": true}
{"stage": "sample", "seed": 42, "episodes": 162, "outcome": "success", "seconds": 130.87037181854248, "grid": 80, "parity": true}
{"stage": "sample", "seed": 42, "episodes": 163, "outcome": "success", "seconds": 131.9599404335022, "grid": 80, "parity": true}
{"stage": "sample", "seed": 42, "episodes": 164, "outcome": "success", "seconds": 132.64136052131653, "grid": 80, "parity": true}
{"stage": "sample", "seed": 42, "episodes": 165, "outcome": "success", "seconds": 133.52080178260803, "grid": 80, "parity": true}
{"stage": "sample", "seed": 42, "episodes": 166, "outcome": "success", "seconds": 134.34771919250488, "grid": 80, "parity": true}
{"stage": "sample", "seed": 42, "episodes": 167, "outcome": "success", "seconds": 135.4142186641693, "grid": 80, "parity": true}
{"stage": "sample", "seed": 42, "episodes": 168, "outcome": "success", "seconds": 136.57608294487, "grid": 80, "parity": true}
{"stage": "sample", "seed": 42, "episodes": 169, "outcome": "success", "seconds": 138.0052182674408, "grid": 80, "parity": true}
{"stage": "sample", "seed": 42, "episodes": 170, "outcome": "success", "seconds": 139.1711664199829, "grid": 80, "parity": true}
{"stage": "sample", "seed": 42, "episodes": 171, "outcome": "success", "seconds": 140.1126091480255, "grid": 80, "parity": true}
{"stage": "sample", "seed": 42, "episodes": 172, "outcome": "success", "seconds": 141.13402032852173, "grid": 80, "parity": true}
{"stage": "sample", "seed": 42, "episodes": 173, "outcome": "success", "seconds": 141.7876489162445, "grid": 80, "parity": true}
{"stage": "sample", "seed": 42, "episodes": 174, "outcome": "success", "seconds": 142.73285293579102, "grid": 80, "parity": true}
{"stage": "sample", "seed": 42, "episodes": 175, "outcome": "success", "seconds": 144.16011548042297, "grid": 80, "parity": true}
{"stage": "sample", "seed": 42, "episodes": 176, "outcome": "success", "seconds": 144.8387370109558, "grid": 80, "parity": true}
{"stage": "sample", "seed": 42, "episodes": 177, "outcome": "success", "seconds": 145.81455063819885, "grid": 80, "parity": true}
{"stage": "sample", "seed": 42, "episodes": 178, "outcome": "success", "seconds": 146.53615260124207, "grid": 80, "parity": true}
{"stage": "sample", "seed": 42, "episodes": 179, "outcome": "success", "seconds": 147.66492581367493, "grid": 80, "parity": true}
{"stage": "sample", "seed": 42, "episodes": 180, "outcome": "success", "seconds": 149.03574442863464, "grid": 80, "parity": true}
{"stage": "sample", "seed": 42, "episodes": 181, "outcome": "success", "seconds": 150.12937140464783, "grid": 80, "parity": true}
{"stage": "sample", "seed": 42, "episodes": 182, "outcome": "success", "seconds": 151.02757859230042, "grid": 80, "parity": true}
{"stage": "sample", "seed": 42, "episodes": 183, "outcome": "success", "seconds": 151.8832094669342, "grid": 80, "parity": true}
{"stage": "sample", "seed": 42, "episodes": 184, "outcome": "success", "seconds": 153.0301592350006, "grid": 80, "parity": true}
{"stage": "sample", "seed": 42, "episodes": 185, "outcome": "success", "seconds": 154.13112044334412, "grid": 80, "parity": true}
{"stage": "sample", "seed": 42, "episodes": 186, "outcome": "timeout", "seconds": 155.88052892684937, "grid": 80, "parity": true}
{"stage": "sample", "seed": 42, "episodes": 187, "outcome": "success", "seconds": 156.84917426109314, "grid": 80, "parity": true}
{"stage": "sample", "seed": 42, "episodes": 188, "outcome": "success", "seconds": 157.84246611595154, "grid": 80, "parity": true}
{"stage": "sample", "seed": 42, "episodes": 189, "outcome": "timeout", "seconds": 159.5124843120575, "grid": 80, "parity": true}
{"stage": "sample", "seed": 42, "episodes": 190, "outcome": "success", "seconds": 160.89756393432617, "grid": 80, "parity": true}
{"stage": "sample", "seed": 42, "episodes": 191, "outcome": "timeout", "seconds": 162.55545282363892, "grid": 80, "parity": true}
{"stage": "sample", "seed": 42, "episodes": 192, "outcome": "success", "seconds": 163.46234107017517, "grid": 80, "parity": true}
