ERROR:root:[MAMBA-SSM] ✗ Failed to import mamba_ssm: No module named 'mamba_ssm'
ERROR:root:[MAMBA-SSM] Please install: pip install mamba-ssm
{"stage": "sample", "seed": 43, "episodes": 1, "outcome": "success", "seconds": 0.848311185836792, "grid": 80, "parity": true}
{"stage": "sample", "seed": 43, "episodes": 2, "outcome": "success", "seconds": 1.6496336460113525, "grid": 80, "parity": true}
{"stage": "sample", "seed": 43, "episodes": 3, "outcome": "success", "seconds": 2.2720792293548584, "grid": 80, "parity": true}
{"stage": "sample", "seed": 43, "episodes": 4, "outcome": "success", "seconds": 3.037152051925659, "grid": 80, "parity": true}
{"stage": "sample", "seed": 43, "episodes": 5, "outcome": "success", "seconds": 3.732002019882202, "grid": 80, "parity": true}
{"stage": "sample", "seed": 43, "episodes": 6, "outcome": "success", "seconds": 4.242542028427124, "grid": 80, "parity": true}
{"stage": "sample", "seed": 43, "episodes": 7, "outcome": "success", "seconds": 4.786097049713135, "grid": 80, "parity": true}
{"stage": "sample", "seed": 43, "episodes": 8, "outcome": "success", "seconds": 5.359082460403442, "grid": 80, "parity": true}
{"stage": "sample", "seed": 43, "episodes": 9, "outcome": "success", "seconds": 6.111981391906738, "grid": 80, "parity": true}
{"stage": "sample", "seed": 43, "episodes": 10, "outcome": "success", "seconds": 6.71764349937439, "grid": 80, "parity": true}
{"stage": "sample", "seed": 43, "episodes": 11, "outcome": "success", "seconds": 7.285262584686279, "grid": 80, "parity": true}
{"stage": "sample", "seed": 43, "episodes": 12, "outcome": "success", "seconds": 7.854135036468506, "grid": 80, "parity": true}
{"stage": "sample", "seed": 43, "episodes": 13, "outcome": "success", "seconds": 8.45935344696045, "grid": 80, "parity": true}
{"stage": "sample", "seed": 43, "episodes": 14, "outcome": "success", "seconds": 9.04779839515686, "grid": 80, "parity": true}
{"stage": "sample", "seed": 43, "episodes": 15, "outcome": "success", "seconds": 9.568348407745361, "grid": 80, "parity": true}
{"stage": "sample", "seed": 43, "episodes": 16, "outcome": "success", "seconds": 10.320736169815063, "grid": 80, "parity": true}
{"stage": "sample", "seed": 43, "episodes": 17, "outcome": "success", "seconds": 10.862233638763428, "grid": 80, "parity": true}
{"stage": "sample", "seed": 43, "episodes": 18, "outcome": "success", "seconds": 11.436747312545776, "grid": 80, "parity": true}
{"stage": "sample", "seed": 43, "episodes": 19, "outcome": "success", "seconds": 11.959089517593384, "grid": 80, "parity": true}
{"stage": "sample", "seed": 43, "episodes": 20, "outcome": "success", "seconds": 12.47794222831726, "grid": 80, "parity": true}
{"stage": "sample", "seed": 43, "episodes": 21, "outcome": "success", "seconds": 13.11219573020935, "grid": 80, "parity": true}
{"stage": "sample", "seed": 43, "episodes": 22, "outcome": "success", "seconds": 13.795023202896118, "grid": 80, "parity": true}
{"stage": "sample", "seed": 43, "episodes": 23, "outcome": "success", "seconds": 14.3794846534729, "grid": 80, "parity": true}
{"stage": "sample", "seed": 43, "episodes": 24, "outcome": "success", "seconds": 15.046947002410889, "grid": 80, "parity": true}
{"stage": "sample", "seed": 43, "episodes": 25, "outcome": "success", "seconds": 15.795962572097778, "grid": 80, "parity": true}
{"stage": "sample", "seed": 43, "episodes": 26, "outcome": "success", "seconds": 16.421353578567505, "grid": 80, "parity": true}
{"stage": "sample", "seed": 43, "episodes": 27, "outcome": "success", "seconds": 16.98784613609314, "grid": 80, "parity": true}
{"stage": "sample", "seed": 43, "episodes": 28, "outcome": "success", "seconds": 17.49797773361206, "grid": 80, "parity": true}
{"stage": "sample", "seed": 43, "episodes": 29, "outcome": "success", "seconds": 18.169559001922607, "grid": 80, "parity": true}
{"stage": "sample", "seed": 43, "episodes": 30, "outcome": "success", "seconds": 18.686880588531494, "grid": 80, "parity": true}
{"stage": "sample", "seed": 43, "episodes": 31, "outcome": "success", "seconds": 19.167925119400024, "grid": 80, "parity": true}
{"stage": "sample", "seed": 43, "episodes": 32, "outcome": "success", "seconds": 19.73776936531067, "grid": 80, "parity": true}
{"stage": "sample", "seed": 43, "episodes": 33, "outcome": "success", "seconds": 20.343926191329956, "grid": 80, "parity": true}
{"stage": "sample", "seed": 43, "episodes": 34, "outcome": "success", "seconds": 21.168998956680298, "grid": 80, "parity": true}
{"stage": "sample", "seed": 43, "episodes": 35, "outcome": "success", "seconds": 22.020455837249756, "grid": 80, "parity": true}
{"stage": "sample", "seed": 43, "episodes": 36, "outcome": "success", "seconds": 22.75819706916809, "grid": 80, "parity": true}
{"stage": "sample", "seed": 43, "episodes": 37, "outcome": "timeout", "seconds": 24.122395277023315, "grid": 80, "parity": true}
{"stage": "sample", "seed": 43, "episodes": 38, "outcome": "success", "seconds": 25.04257822036743, "grid": 80, "parity": true}
{"stage": "sample", "seed": 43, "episodes": 39, "outcome": "success", "seconds": 25.755465745925903, "grid": 80, "parity": true}
{"stage": "sample", "seed": 43, "episodes": 40, "outcome": "success", "seconds": 26.65239715576172, "grid": 80, "parity": true}
{"stage": "sample", "seed": 43, "episodes": 41, "outcome": "success", "seconds": 27.222597122192383, "grid": 80, "parity": true}
{"stage": "sample", "seed": 43, "episodes": 42, "outcome": "success", "seconds": 28.245922803878784, "grid": 80, "parity": true}
{"stage": "sample", "seed": 43, "episodes": 43, "outcome": "success", "seconds": 28.905881881713867, "grid": 80, "parity": true}
{"stage": "sample", "seed": 43, "episodes": 44, "outcome": "success", "seconds": 29.66024112701416, "grid": 80, "parity": true}
{"stage": "sample", "seed": 43, "episodes": 45, "outcome": "success", "seconds": 30.484612226486206, "grid": 80, "parity": true}
{"stage": "sample", "seed": 43, "episodes": 46, "outcome": "timeout", "seconds": 31.80759310722351, "grid": 80, "parity": true}
{"stage": "sample", "seed": 43, "episodes": 47, "outcome": "success", "seconds": 32.605260372161865, "grid": 80, "parity": true}
{"stage": "sample", "seed": 43, "episodes": 48, "outcome": "success", "seconds": 33.318806409835815, "grid": 80, "parity": true}
{"stage": "sample", "seed": 43, "episodes": 49, "outcome": "success", "seconds": 34.21289873123169, "grid": 80, "parity": true}
{"stage": "sample", "seed": 43, "episodes": 50, "outcome": "success", "seconds": 35.14815425872803, "grid": 80, "parity": true}
{"stage": "sample", "seed": 43, "episodes": 51, "outcome": "success", "seconds": 35.64402389526367, "grid": 80, "parity": true}
{"stage": "sample", "seed": 43, "episodes": 52, "outcome": "success", "seconds": 36.23625326156616, "grid": 80, "parity": true}
{"stage": "sample", "seed": 43, "episodes": 53, "outcome": "timeout", "seconds": 37.587153673172, "grid": 80, "parity": true}
{"stage": "sample", "seed": 43, "episodes": 54, "outcome": "success", "seconds": 38.36592197418213, "grid": 80, "parity": true}
{"stage": "sample", "seed": 43, "episodes": 55, "outcome": "success", "seconds": 39.17063641548157, "grid": 80, "parity": true}
{"stage": "sample", "seed": 43, "episodes": 56, "outcome": "success", "seconds": 39.73997902870178, "grid": 80, "parity": true}
{"stage": "sample", "seed": 43, "episodes": 57, "outcome": "success", "seconds": 40.259743452072144, "grid": 80, "parity": true}
{"stage": "sample", "seed": 43, "episodes": 58, "outcome": "success", "seconds": 40.90667366981506, "grid": 80, "parity": true}
{"stage": "sample", "seed": 43, "episodes": 59, "outcome": "timeout", "seconds": 42.25915265083313, "grid": 80, "parity": true}
{"stage": "sample", "seed": 43, "episodes": 60, "outcome": "success", "seconds": 43.387150049209595, "grid": 80, "parity": true}
{"stage": "sample", "seed": 43, "episodes": 61, "outcome": "success", "seconds": 44.06763815879822, "grid": 80, "parity": true}
{"stage": "sample", "seed": 43, "episodes": 62, "outcome": "success", "seconds": 44.66671109199524, "grid": 80, "parity": true}
{"stage": "sample", "seed": 43, "episodes": 63, "outcome": "success", "seconds": 45.297690868377686, "grid": 80, "parity": true}
{"stage": "sample", "seed": 43, "episodes": 64, "outcome": "success", "seconds": 45.96884083747864, "grid": 80, "parity": true}
{"stage": "sample", "seed": 43, "episodes": 65, "outcome": "success", "seconds": 46.97633242607117, "grid": 80, "parity": true}
{"stage": "sample", "seed": 43, "episodes": 66, "outcome": "success", "seconds": 47.82849407196045, "grid": 80, "parity": true}
{"stage": "sample", "seed": 43, "episodes": 67, "outcome": "success", "seconds": 48.750444650650024, "grid": 80, "parity": true}
{"stage": "sample", "seed": 43, "episodes": 68, "outcome": "success", "seconds": 49.53229904174805, "grid": 80, "parity": true}
{"stage": "sample", "seed": 43, "episodes": 69, "outcome": "success", "seconds": 50.27490782737732, "grid": 80, "parity": true}
{"stage": "sample", "seed": 43, "episodes": 70, "outcome": "success", "seconds": 51.415048122406006, "grid": 80, "parity": true}
{"stage": "sample", "seed": 43, "episodes": 71, "outcome": "success", "seconds": 52.19600510597229, "grid": 80, "parity": true}
{"stage": "sample", "seed": 43, "episodes": 72, "outcome": "success", "seconds": 52.84260129928589, "grid": 80, "parity": true}
{"stage": "sample", "seed": 43, "episodes": 73, "outcome": "success", "seconds": 53.50994062423706, "grid": 80, "parity": true}
{"stage": "sample", "seed": 43, "episodes": 74, "outcome": "success", "seconds": 54.37050700187683, "grid": 80, "parity": true}
{"stage": "sample", "seed": 43, "episodes": 75, "outcome": "success", "seconds": 55.007325410842896, "grid": 80, "parity": true}
{"stage": "sample", "seed": 43, "episodes": 76, "outcome": "success", "seconds": 55.727280378341675, "grid": 80, "parity": true}
{"stage": "sample", "seed": 43, "episodes": 77, "outcome": "success", "seconds": 56.31758642196655, "grid": 80, "parity": true}
{"stage": "sample", "seed": 43, "episodes": 78, "outcome": "success", "seconds": 57.27423644065857, "grid": 80, "parity": true}
{"stage": "sample", "seed": 43, "episodes": 79, "outcome": "success", "seconds": 58.201024770736694, "grid": 80, "parity": true}
{"stage": "sample", "seed": 43, "episodes": 80, "outcome": "timeout", "seconds": 59.53229594230652, "grid": 80, "parity": true}
{"stage": "sample", "seed": 43, "episodes": 81, "outcome": "success", "seconds": 60.20087647438049, "grid": 80, "parity": true}
{"stage": "sample", "seed": 43, "episodes": 82, "outcome": "success", "seconds": 60.96727752685547, "grid": 80, "parity": true}
{"stage": "sample", "seed": 43, "episodes": 83, "outcome": "success", "seconds": 61.647528409957886, "grid": 80, "parity": true}
{"stage": "sample", "seed": 43, "episodes": 84, "outcome": "success", "seconds": 62.55500102043152, "grid": 80, "parity": true}
{"stage": "sample", "seed": 43, "episodes": 85, "outcome": "success", "seconds": 63.337443828582764, "grid": 80, "parity": true}
{"stage": "sample", "seed": 43, "episodes": 86, "outcome": "success", "seconds": 64.02383804321289, "grid": 80, "parity": true}
{"stage": "sample", "seed": 43, "episodes": 87, "outcome": "success", "seconds": 64.71942186355591, "grid": 80, "parity": true}
{"stage": "sample", "seed": 43, "episodes": 88, "outcome": "success", "seconds": 65.50038480758667, "grid": 80, "parity": true}
{"stage": "sample", "seed": 43, "episodes": 89, "outcome": "success", "seconds": 66.19540548324585, "grid": 80, "parity": true}
{"stage": "sample", "seed": 43, "episodes": 90, "outcome": "success", "seconds": 66.73523831367493, "grid": 80, "parity": true}
{"stage": "sample", "seed": 43, "episodes": 91, "outcome": "success", "seconds": 67.62844491004944, "grid": 80, "parity": true}
{"stage": "sample", "seed": 43, "episodes": 92, "outcome": "success", "seconds": 68.33406376838684, "grid": 80, "parity": true}
{"stage": "sample", "seed": 43, "episodes": 93, "outcome": "success", "seconds": 69.18169164657593, "grid": 80, "parity": true}
{"stage": "sample", "seed": 43, "episodes": 94, "outcome": "success", "seconds": 69.93626284599304, "grid": 80, "parity": true}
{"stage": "sample", "seed": 43, "episodes": 95, "outcome": "success", "seconds": 70.52938461303711, "grid": 80, "parity": true}
{"stage": "sample", "seed": 43, "episodes": 96, "outcome": "success", "seconds": 71.22197580337524, "grid": 80, "parity": true}
{"stage": "sample", "seed": 43, "episodes": 97, "outcome": "collision", "seconds": 71.51748514175415, "grid": 80, "parity": true}
{"stage": "sample", "seed": 43, "episodes": 98, "outcome": "success", "seconds": 72.96989965438843, "grid": 80, "parity": true}
{"stage": "sample", "seed": 43, "episodes": 99, "outcome": "success", "seconds": 74.2652850151062, "grid": 80, "parity": true}
{"stage": "sample", "seed": 43, "episodes": 100, "outcome": "timeout", "seconds": 75.82618165016174, "grid": 80, "parity": true}
{"stage": "sample", "seed": 43, "episodes": 101, "outcome": "success", "seconds": 76.79229474067688, "grid": 80, "parity": true}
{"stage": "sample", "seed": 43, "episodes": 102, "outcome": "success", "seconds": 77.66098594665527, "grid": 80, "parity": true}
{"stage": "sample", "seed": 43, "episodes": 103, "outcome": "success", "seconds": 78.72685289382935, "grid": 80, "parity": true}
{"stage": "sample", "seed": 43, "episodes": 104, "outcome": "timeout", "seconds": 80.3142957687378, "grid": 80, "parity": true}
{"stage": "sample", "seed": 43, "episodes": 105, "outcome": "success", "seconds": 81.28078985214233, "grid": 80, "parity": true}
{"stage": "sample", "seed": 43, "episodes": 106, "outcome": "success", "seconds": 82.24162435531616, "grid": 80, "parity": true}
{"stage": "sample", "seed": 43, "episodes": 107, "outcome": "success", "seconds": 83.45075345039368, "grid": 80, "parity": true}
{"stage": "sample", "seed": 43, "episodes": 108, "outcome": "success", "seconds": 85.05135774612427, "grid": 80, "parity": true}
{"stage": "sample", "seed": 43, "episodes": 109, "outcome": "success", "seconds": 85.94155263900757, "grid": 80, "parity": true}
{"stage": "sample", "seed": 43, "episodes": 110, "outcome": "success", "seconds": 87.17177772521973, "grid": 80, "parity": true}
{"stage": "sample", "seed": 43, "episodes": 111, "outcome": "timeout", "seconds": 88.79193115234375, "grid": 80, "parity": true}
{"stage": "sample", "seed": 43, "episodes": 112, "outcome": "success", "seconds": 89.72255420684814, "grid": 80, "parity": true}
{"stage": "sample", "seed": 43, "episodes": 113, "outcome": "timeout", "seconds": 91.30926632881165, "grid": 80, "parity": true}
{"stage": "sample", "seed": 43, "episodes": 114, "outcome": "timeout", "seconds": 92.95100712776184, "grid": 80, "parity": true}
{"stage": "sample", "seed": 43, "episodes": 115, "outcome": "timeout", "seconds": 94.5673999786377, "grid": 80, "parity": true}
{"stage": "sample", "seed": 43, "episodes": 116, "outcome": "success", "seconds": 95.43108034133911, "grid": 80, "parity": true}
{"stage": "sample", "seed": 43, "episodes": 117, "outcome": "success", "seconds": 96.25756096839905, "grid": 80, "parity": true}
{"stage": "sample", "seed": 43, "episodes": 118, "outcome": "timeout", "seconds": 97.9017379283905, "grid": 80, "parity": true}
{"stage": "sample", "seed": 43, "episodes": 119, "outcome": "timeout", "seconds": 99.47342038154602, "grid": 80, "parity": true}
{"stage": "sample", "seed": 43, "episodes": 120, "outcome": "timeout", "seconds": 101.02084684371948, "grid": 80, "parity": true}
{"stage": "sample", "seed": 43, "episodes": 121, "outcome": "timeout", "seconds": 102.61114716529846, "grid": 80, "parity": true}
{"stage": "sample", "seed": 43, "episodes": 122, "outcome": "timeout", "seconds": 104.20810413360596, "grid": 80, "parity": true}
{"stage": "sample", "seed": 43, "episodes": 123, "outcome": "timeout", "seconds": 105.78061127662659, "grid": 80, "parity": true}
{"stage": "sample", "seed": 43, "episodes": 124, "outcome": "timeout", "seconds": 107.37576603889465, "grid": 80, "parity": true}
{"stage": "sample", "seed": 43, "episodes": 125, "outcome": "success", "seconds": 108.43473434448242, "grid": 80, "parity": true}
{"stage": "sample", "seed": 43, "episodes": 126, "outcome": "timeout", "seconds": 110.08781814575195, "grid": 80, "parity": true}
{"stage": "sample", "seed": 43, "episodes": 127, "outcome": "timeout", "seconds": 111.67404127120972, "grid": 80, "parity": true}
{"stage": "sample", "seed": 43, "episodes": 128, "outcome": "success", "seconds": 112.72103428840637, "grid": 80, "parity": true}
{"stage": "sample", "seed": 43, "episodes": 129, "outcome": "success", "seconds": 113.77275657653809, "grid": 80, "parity": true}
{"stage": "sample", "seed": 43, "episodes": 130, "outcome": "success", "seconds": 114.70478200912476, "grid": 80, "parity": true}
{"stage": "sample", "seed": 43, "episodes": 131, "outcome": "success", "seconds": 115.81374645233154, "grid": 80, "parity": true}
{"stage": "sample", "seed": 43, "episodes": 132, "outcome": "success", "seconds": 116.80094861984253, "grid": 80, "parity": true}
{"stage": "sample", "seed": 43, "episodes": 133, "outcome": "success", "seconds": 117.92438268661499, "grid": 80, "parity": true}
{"stage": "sample", "seed": 43, "episodes": 134, "outcome": "success", "seconds": 118.73628282546997, "grid": 80, "parity": true}
{"stage": "sample", "seed": 43, "episodes": 135, "outcome": "success", "seconds": 119.82922196388245, "grid": 80, "parity": true}
{"stage": "sample", "seed": 43, "episodes": 136, "outcome": "success", "seconds": 120.71802353858948, "grid": 80, "parity": true}
{"stage": "sample", "seed": 43, "episodes": 137, "outcome": "success", "seconds": 121.70099449157715, "grid": 80, "parity": true}
{"stage": "sample", "seed": 43, "episodes": 138, "outcome": "timeout", "seconds": 123.08534288406372, "grid": 80, "parity": true}
{"stage": "sample", "seed": 43, "episodes": 139, "outcome": "success", "seconds": 124.14520764350891, "grid": 80, "parity": true}
{"stage": "sample", "seed": 43, "episodes": 140, "outcome": "success", "seconds": 125.10717415809631, "grid": 80, "parity": true}
{"stage": "sample", "seed": 43, "episodes": 141, "outcome": "success", "seconds": 126.10447454452515, "grid": 80, "parity": true}
{"stage": "sample", "seed": 43, "episodes": 142, "outcome": "success", "seconds": 127.22833895683289, "grid": 80, "parity": true}
{"stage": "sample", "seed": 43, "episodes": 143, "outcome": "success", "seconds": 128.26235151290894, "grid": 80, "parity": true}
{"stage": "sample", "seed": 43, "episodes": 144, "outcome": "success", "seconds": 129.15838241577148, "grid": 80, "parity": true}
{"stage": "sample", "seed": 43, "episodes": 145, "outcome": "success", "seconds": 130.10637307167053, "grid": 80, "parity": true}
{"stage": "sample", "seed": 43, "episodes": 146, "outcome": "success", "seconds": 131.039701461792, "grid": 80, "parity": true}
{"stage": "sample", "seed": 43, "episodes": 147, "outcome": "success", "seconds": 132.10830950737, "grid": 80, "parity": true}
{"stage": "sample", "seed": 43, "episodes": 148, "outcome": "success", "seconds": 133.02140355110168, "grid": 80, "parity": true}
{"stage": "sample", "seed": 43, "episodes": 149, "outcome": "success", "seconds": 134.33868432044983, "grid": 80, "parity": true}
{"stage": "sample", "seed": 43, "episodes": 150, "outcome": "success", "seconds": 135.33057141304016, "grid": 80, "parity": true}
{"stage": "sample", "seed": 43, "episodes": 151, "outcome": "success", "seconds": 136.5003159046173, "grid": 80, "parity": true}
{"stage": "sample", "seed": 43, "episodes": 152, "outcome": "success", "seconds": 137.45235013961792, "grid": 80, "parity": true}
{"stage": "sample", "seed": 43, "episodes": 153, "outcome": "success", "seconds": 138.375581741333, "grid": 80, "parity": true}
{"stage": "sample", "seed": 43, "episodes": 154, "outcome": "success", "seconds": 139.37890934944153, "grid": 80, "parity": true}
{"stage": "sample", "seed": 43, "episodes": 155, "outcome": "success", "seconds": 140.24926447868347, "grid": 80, "parity": true}
{"stage": "sample", "seed": 43, "episodes": 156, "outcome": "success", "seconds": 141.05181002616882, "grid": 80, "parity": true}
{"stage": "sample", "seed": 43, "episodes": 157, "outcome": "success", "seconds": 141.9046721458435, "grid": 80, "parity": true}
{"stage": "sample", "seed": 43, "episodes": 158, "outcome": "success", "seconds": 142.93685173988342, "grid": 80, "parity": true}
{"stage": "sample", "seed": 43, "episodes": 159, "outcome": "success", "seconds": 143.85608053207397, "grid": 80, "parity": true}
{"stage": "sample", "seed": 43, "episodes": 160, "outcome": "success", "seconds": 144.95513033866882, "grid": 80, "parity": true}
{"stage": "sample", "seed": 43, "episodes": 161, "outcome": "success", "seconds": 145.85992670059204, "grid": 80, "parity": true}
{"stage": "sample", "seed": 43, "episodes": 162, "outcome": "success", "seconds": 146.86140656471252, "grid": 80, "parity": true}
{"stage": "sample", "seed": 43, "episodes": 163, "outcome": "success", "seconds": 148.00643467903137, "grid": 80, "parity": true}
{"stage": "sample", "seed": 43, "episodes": 164, "outcome": "timeout", "seconds": 149.63549637794495, "grid": 80, "parity": true}
{"stage": "sample", "seed": 43, "episodes": 165, "outcome": "success", "seconds": 150.78216004371643, "grid": 80, "parity": true}
{"stage": "sample", "seed": 43, "episodes": 166, "outcome": "success", "seconds": 152.0810854434967, "grid": 80, "parity": true}
{"stage": "sample", "seed": 43, "episodes": 167, "outcome": "success", "seconds": 152.81940698623657, "grid": 80, "parity": true}
{"stage": "sample", "seed": 43, "episodes": 168, "outcome": "success", "seconds": 154.11749601364136, "grid": 80, "parity": true}
{"stage": "sample", "seed": 43, "episodes": 169, "outcome": "success", "seconds": 155.33000588417053, "grid": 80, "parity": true}
{"stage": "sample", "seed": 43, "episodes": 170, "outcome": "success", "seconds": 156.7611734867096, "grid": 80, "parity": true}
{"stage": "sample", "seed": 43, "episodes": 171, "outcome": "timeout", "seconds": 158.3295876979828, "grid": 80, "parity": true}
{"stage": "sample", "seed": 43, "episodes": 172, "outcome": "success", "seconds": 159.29391765594482, "grid": 80, "parity": true}
{"stage": "sample", "seed": 43, "episodes": 173, "outcome": "timeout", "seconds": 160.93139338493347, "grid": 80, "parity": true}
{"stage": "sample", "seed": 43, "episodes": 174, "outcome": "success", "seconds": 162.25591564178467, "grid": 80, "parity": true}
{"stage": "sample", "seed": 43, "episodes": 175, "outcome": "timeout", "seconds": 163.82710599899292, "grid": 80, "parity": true}
{"stage": "sample", "seed": 43, "episodes": 176, "outcome": "success", "seconds": 164.83728575706482, "grid": 80, "parity": true}
{"stage": "sample", "seed": 43, "episodes": 177, "outcome": "timeout", "seconds": 166.39910793304443, "grid": 80, "parity": true}
{"stage": "sample", "seed": 43, "episodes": 178, "outcome": "success", "seconds": 167.03706121444702, "grid": 80, "parity": true}
{"stage": "sample", "seed": 43, "episodes": 179, "outcome": "success", "seconds": 168.16293907165527, "grid": 80, "parity": true}
{"stage": "sample", "seed": 43, "episodes": 180, "outcome": "success", "seconds": 169.4890902042389, "grid": 80, "parity": true}
{"stage": "sample", "seed": 43, "episodes": 181, "outcome": "timeout", "seconds": 171.0579228401184, "grid": 80, "parity": true}
{"stage": "sample", "seed": 43, "episodes": 182, "outcome": "success", "seconds": 171.98768830299377, "grid": 80, "parity": true}
{"stage": "sample", "seed": 43, "episodes": 183, "outcome": "success", "seconds": 172.97484636306763, "grid": 80, "parity": true}
{"stage": "sample", "seed": 43, "episodes": 184, "outcome": "timeout", "seconds": 174.5135703086853, "grid": 80, "parity": true}
{"stage": "sample", "seed": 43, "episodes": 185, "outcome": "success", "seconds": 175.44959497451782, "grid": 80, "parity": true}
{"stage": "sample", "seed": 43, "episodes": 186, "outcome": "success", "seconds": 176.35484075546265, "grid": 80, "parity": true}
{"stage": "sample", "seed": 43, "episodes": 187, "outcome": "success", "seconds": 177.4069275856018, "grid": 80, "parity": true}
{"stage": "sample", "seed": 43, "episodes": 188, "outcome": "success", "seconds": 178.48163485527039, "grid": 80, "parity": true}
{"stage": "sample", "seed": 43, "episodes": 189, "outcome": "success", "seconds": 179.20189142227173, "grid": 80, "parity": true}
{"stage": "sample", "seed": 43, "episodes": 190, "outcome": "success", "seconds": 180.27376008033752, "grid": 80, "parity": true}
{"stage": "sample", "seed": 43, "episodes": 191, "outcome": "success", "seconds": 181.6292963027954, "grid": 80, "parity": true}
{"stage": "sample", "seed": 43, "episodes": 192, "outcome": "success", "seconds": 182.55183625221252, "grid": 80, "parity": true}
