Traceback (most recent call last):
  File "/root/bayes-vl-optimized-20261007/scripts/run-bayes-optimized.py", line 209, in <module>
    main()
  File "/root/bayes-vl-optimized-20261007/scripts/run-bayes-optimized.py", line 191, in main
    results = list(pool.map(lambda arm: train_arm(assets, output, arm, True), ARMS))
  File "/root/miniconda3/envs/mamba/lib/python3.10/concurrent/futures/_base.py", line 621, in result_iterator
    yield _result_or_cancel(fs.pop())
  File "/root/miniconda3/envs/mamba/lib/python3.10/concurrent/futures/_base.py", line 319, in _result_or_cancel
    return fut.result(timeout)
  File "/root/miniconda3/envs/mamba/lib/python3.10/concurrent/futures/_base.py", line 458, in result
    return self.__get_result()
  File "/root/miniconda3/envs/mamba/lib/python3.10/concurrent/futures/_base.py", line 403, in __get_result
    raise self._exception
  File "/root/miniconda3/envs/mamba/lib/python3.10/concurrent/futures/thread.py", line 58, in run
    result = self.fn(*self.args, **self.kwargs)
  File "/root/bayes-vl-optimized-20261007/scripts/run-bayes-optimized.py", line 191, in <lambda>
    results = list(pool.map(lambda arm: train_arm(assets, output, arm, True), ARMS))
  File "/root/bayes-vl-optimized-20261007/scripts/run-bayes-optimized.py", line 106, in train_arm
    seconds = run([sys.executable, '-m', 'crowd_nav.train', '--config', config,
  File "/root/bayes-vl-optimized-20261007/scripts/run-bayes-optimized.py", line 63, in run
    raise RuntimeError(f'{label} exited {proc.returncode}: {log}')
RuntimeError: train exited 1: /root/bayes-vl-optimized-20261007/crowd_nav/runs/optimized-10000/smoke-gru/train.log
