2026-10-08 03:49:49 synchronized
2026-10-08 03:51:50 synchronized
2026-10-08 03:53:52 synchronized
2026-10-08 03:55:54 synchronized
2026-10-08 03:57:56 synchronized
2026-10-08 03:59:58 synchronized
2026-10-08 04:01:59 synchronized
2026-10-08 04:04:01 synchronized
2026-10-08 04:06:11 synchronized
2026-10-08 04:08:21 synchronized
2026-10-08 04:10:24 synchronized
2026-10-08 04:12:34 synchronized
2026-10-08 04:14:43 synchronized
2026-10-08 04:16:47 synchronized
2026-10-08 04:18:59 synchronized
2026-10-08 04:21:09 synchronized
2026-10-08 04:23:19 synchronized
2026-10-08 04:25:23 synchronized
2026-10-08 04:27:32 synchronized
2026-10-08 04:29:43 synchronized
2026-10-08 04:31:54 synchronized
2026-10-08 04:33:56 synchronized
2026-10-08 04:36:05 synchronized
2026-10-08 04:38:18 synchronized
2026-10-08 04:40:28 synchronized
2026-10-08 04:42:30 synchronized
2026-10-08 04:44:40 synchronized
2026-10-08 04:46:51 synchronized
2026-10-08 04:49:01 synchronized
2026-10-08 04:51:04 synchronized
2026-10-08 04:53:14 synchronized
2026-10-08 04:55:24 synchronized
2026-10-08 04:57:35 synchronized
2026-10-08 04:59:38 synchronized
2026-10-08 05:01:48 synchronized
2026-10-08 05:03:58 synchronized
2026-10-08 05:06:02 synchronized
2026-10-08 05:08:11 synchronized
2026-10-08 05:10:23 synchronized
2026-10-08 05:12:32 synchronized
2026-10-08 05:14:36 synchronized
2026-10-08 05:16:46 synchronized
2026-10-08 05:18:56 synchronized
2026-10-08 05:21:07 synchronized
2026-10-08 05:23:10 synchronized
2026-10-08 05:25:20 synchronized
2026-10-08 05:27:31 synchronized
2026-10-08 05:29:42 synchronized
2026-10-08 05:31:43 synchronized
2026-10-08 05:33:54 synchronized
2026-10-08 05:36:05 synchronized
2026-10-08 05:38:15 synchronized
2026-10-08 05:40:18 synchronized
2026-10-08 05:42:28 synchronized
2026-10-08 05:44:39 synchronized
2026-10-08 05:46:41 synchronized
2026-10-08 05:48:52 synchronized
2026-10-08 05:51:02 synchronized
2026-10-08 05:53:12 synchronized
2026-10-08 05:55:23 synchronized
2026-10-08 05:57:26 synchronized
2026-10-08 05:59:35 synchronized
2026-10-08 06:01:46 synchronized
2026-10-08 06:03:49 synchronized
2026-10-08 06:05:59 synchronized
2026-10-08 06:08:09 synchronized
2026-10-08 06:10:20 synchronized
2026-10-08 06:12:22 synchronized
2026-10-08 06:14:33 synchronized
2026-10-08 06:16:44 synchronized
2026-10-08 06:18:53 synchronized
2026-10-08 06:21:03 synchronized
2026-10-08 06:23:07 synchronized
2026-10-08 06:25:17 synchronized
2026-10-08 06:27:21 synchronized
2026-10-08 06:29:25 synchronized
2026-10-08 06:31:27 synchronized
2026-10-08 06:33:28 synchronized
2026-10-08 06:35:32 synchronized
2026-10-08 06:37:34 synchronized
2026-10-08 06:39:36 synchronized
2026-10-08 06:41:40 synchronized
2026-10-08 06:43:41 synchronized
2026-10-08 06:45:43 synchronized
2026-10-08 06:47:46 synchronized
2026-10-08 06:49:49 synchronized
2026-10-08 06:51:51 synchronized
2026-10-08 06:53:52 synchronized
2026-10-08 06:55:56 synchronized
2026-10-08 06:57:58 synchronized
2026-10-08 07:00:00 synchronized
2026-10-08 07:02:04 synchronized
2026-10-08 07:04:06 synchronized
2026-10-08 07:06:07 synchronized
2026-10-08 07:08:11 synchronized
2026-10-08 07:10:13 synchronized
2026-10-08 07:12:15 synchronized
2026-10-08 07:14:19 synchronized
2026-10-08 07:16:21 synchronized
2026-10-08 07:18:22 synchronized
2026-10-08 07:20:26 synchronized
2026-10-08 07:22:28 synchronized
2026-10-08 07:24:30 synchronized
2026-10-08 07:26:32 synchronized
2026-10-08 07:28:35 synchronized
2026-10-08 07:30:37 synchronized
2026-10-08 07:32:40 synchronized
2026-10-08 07:34:43 synchronized
2026-10-08 07:36:45 synchronized
2026-10-08 07:38:48 synchronized
2026-10-08 07:40:51 synchronized
2026-10-08 07:42:52 synchronized
2026-10-08 07:44:54 synchronized
2026-10-08 07:46:58 synchronized
2026-10-08 07:49:00 synchronized
2026-10-08 07:51:02 synchronized
2026-10-08 07:53:06 synchronized
2026-10-08 07:55:08 synchronized
2026-10-08 07:57:10 synchronized
2026-10-08 07:59:12 synchronized
2026-10-08 08:01:15 synchronized
2026-10-08 08:03:17 synchronized
2026-10-08 08:05:20 synchronized
2026-10-08 08:07:22 synchronized
2026-10-08 08:09:24 synchronized
2026-10-08 08:11:27 synchronized
2026-10-08 08:13:30 synchronized
2026-10-08 08:15:32 synchronized
2026-10-08 08:17:34 synchronized
2026-10-08 08:19:37 synchronized
2026-10-08 08:21:39 synchronized
2026-10-08 08:23:42 synchronized
2026-10-08 08:25:44 synchronized
2026-10-08 08:27:47 synchronized
2026-10-08 08:29:48 synchronized
2026-10-08 08:31:51 synchronized
2026-10-08 08:33:54 synchronized
2026-10-08 08:35:56 synchronized
2026-10-08 08:37:58 synchronized
2026-10-08 08:40:01 synchronized
2026-10-08 08:42:03 synchronized
2026-10-08 08:44:06 synchronized
2026-10-08 08:46:09 synchronized
2026-10-08 08:48:10 synchronized
2026-10-08 08:50:13 synchronized
2026-10-08 08:52:15 synchronized
2026-10-08 08:54:18 synchronized
2026-10-08 08:56:20 synchronized
2026-10-08 08:58:22 synchronized
2026-10-08 09:00:25 synchronized
2026-10-08 09:02:28 synchronized
2026-10-08 09:04:29 synchronized
2026-10-08 09:06:32 synchronized
2026-10-08 09:08:35 synchronized
2026-10-08 09:10:37 synchronized
2026-10-08 09:12:40 synchronized
2026-10-08 09:14:42 synchronized
2026-10-08 09:16:44 synchronized
2026-10-08 09:18:47 synchronized
2026-10-08 09:20:50 synchronized
2026-10-08 09:22:52 synchronized
2026-10-08 09:24:53 synchronized
2026-10-08 09:26:56 synchronized
2026-10-08 09:28:59 synchronized
2026-10-08 09:31:01 synchronized
2026-10-08 09:33:04 synchronized
2026-10-08 09:35:06 synchronized
2026-10-08 09:37:08 synchronized
2026-10-08 09:39:11 synchronized
2026-10-08 09:41:13 synchronized
2026-10-08 09:43:25 synchronized
2026-10-08 09:46:02 synchronized
2026-10-08 09:48:23 synchronized
2026-10-08 09:50:30 synchronized
2026-10-08 09:52:32 synchronized
2026-10-08 09:54:34 synchronized
2026-10-08 09:56:36 synchronized
2026-10-08 09:58:39 synchronized
2026-10-08 10:00:42 synchronized
2026-10-08 10:02:45 synchronized
2026-10-08 10:04:48 synchronized
2026-10-08 10:07:04 synchronized
2026-10-08 10:09:17 synchronized
2026-10-08 10:11:19 synchronized
2026-10-08 10:13:27 synchronized
2026-10-08 10:15:30 synchronized
2026-10-08 10:17:33 synchronized
2026-10-08 10:19:36 synchronized
2026-10-08 10:22:22 synchronized
2026-10-08 10:24:25 synchronized
2026-10-08 10:26:28 synchronized
2026-10-08 10:28:32 synchronized
2026-10-08 10:30:36 synchronized
2026-10-08 10:32:39 synchronized
2026-10-08 10:35:10 synchronized
2026-10-08 10:37:21 synchronized
2026-10-08 10:39:24 synchronized
2026-10-08 10:41:28 synchronized
2026-10-08 10:43:31 synchronized
2026-10-08 10:45:36 synchronized
2026-10-08 10:47:39 synchronized
2026-10-08 10:50:02 synchronized
2026-10-08 10:52:05 synchronized
2026-10-08 10:54:08 synchronized
2026-10-08 10:56:12 synchronized
2026-10-08 10:58:19 synchronized
2026-10-08 11:00:24 synchronized
2026-10-08 11:02:37 synchronized
2026-10-08 11:04:50 synchronized
2026-10-08 11:06:54 synchronized
2026-10-08 11:08:57 synchronized
2026-10-08 11:11:01 synchronized
2026-10-08 11:13:03 synchronized
2026-10-08 11:15:06 synchronized
2026-10-08 11:17:21 synchronized
2026-10-08 11:19:36 synchronized
2026-10-08 11:21:44 synchronized
2026-10-08 11:23:48 synchronized
2026-10-08 11:25:51 synchronized
2026-10-08 11:27:54 synchronized
2026-10-08 11:29:56 synchronized
2026-10-08 11:32:09 synchronized
2026-10-08 11:34:22 synchronized
2026-10-08 11:36:26 synchronized
2026-10-08 11:38:31 synchronized
2026-10-08 11:40:34 synchronized
2026-10-08 11:42:40 synchronized
2026-10-08 11:44:45 synchronized
2026-10-08 11:46:58 synchronized
2026-10-08 11:49:11 synchronized
2026-10-08 11:51:14 synchronized
2026-10-08 11:53:17 synchronized
2026-10-08 11:55:21 synchronized
2026-10-08 11:57:23 synchronized
2026-10-08 11:59:27 synchronized
2026-10-08 12:01:41 synchronized
2026-10-08 12:03:55 synchronized
2026-10-08 12:06:01 synchronized
2026-10-08 12:08:07 synchronized
2026-10-08 12:10:10 synchronized
2026-10-08 12:12:13 synchronized
2026-10-08 12:14:16 synchronized
2026-10-08 12:16:29 synchronized
2026-10-08 12:18:42 synchronized
2026-10-08 12:20:46 synchronized
2026-10-08 12:22:51 synchronized
2026-10-08 12:24:53 synchronized
2026-10-08 12:26:57 synchronized
2026-10-08 12:29:04 synchronized
2026-10-08 12:31:19 synchronized
2026-10-08 12:33:34 synchronized
2026-10-08 12:35:39 synchronized
2026-10-08 12:37:42 synchronized
2026-10-08 12:39:45 synchronized
2026-10-08 12:41:48 synchronized
2026-10-08 12:43:51 synchronized
2026-10-08 12:46:11 synchronized
2026-10-08 12:48:24 synchronized
2026-10-08 12:50:27 synchronized
2026-10-08 12:52:33 synchronized
2026-10-08 12:54:39 synchronized
2026-10-08 12:56:42 synchronized
2026-10-08 12:58:55 synchronized
2026-10-08 13:01:09 synchronized
2026-10-08 13:03:12 synchronized
2026-10-08 13:05:16 synchronized
2026-10-08 13:07:19 synchronized
2026-10-08 13:09:25 synchronized
2026-10-08 13:11:28 synchronized
2026-10-08 13:13:33 synchronized
2026-10-08 13:15:59 synchronized
2026-10-08 13:18:04 synchronized
2026-10-08 13:20:09 synchronized
2026-10-08 13:22:12 synchronized
kex_exchange_identification: read: Connection reset by peer
rsync: connection unexpectedly closed (0 bytes received so far) [Receiver]
rsync error: unexplained error (code 255) at io.c(235) [Receiver=3.1.3]
Mirror error: Command '['rsync', '-az', '--timeout=60', '--exclude=code/', '--exclude=scripts/', '-e', 'ssh -o BatchMode=yes -o ConnectTimeout=15', 'root@45.126.120.6:/root/bayes-fix-20261008/', '/home/abc/workspace/CrowdNav(20270731_backup2)/CrowdNav/crowd_nav/runs/bayes-fix-20261008/remote-run/']' returned non-zero exit status 255.
2026-10-08 13:26:16 synchronized
2026-10-08 13:28:32 synchronized
2026-10-08 13:30:47 synchronized
2026-10-08 13:32:54 synchronized
2026-10-08 13:35:02 synchronized
2026-10-08 13:37:06 synchronized
2026-10-08 13:39:10 synchronized
2026-10-08 13:41:17 synchronized
2026-10-08 13:43:47 synchronized
2026-10-08 13:45:50 synchronized
2026-10-08 13:47:53 synchronized
2026-10-08 13:49:57 synchronized
2026-10-08 13:52:04 synchronized
2026-10-08 13:54:10 synchronized
2026-10-08 13:56:21 synchronized
2026-10-08 13:58:49 synchronized
2026-10-08 14:00:55 synchronized
2026-10-08 14:03:00 synchronized
2026-10-08 14:05:04 synchronized
2026-10-08 14:07:12 synchronized
2026-10-08 14:09:17 synchronized
2026-10-08 14:11:31 synchronized
2026-10-08 14:13:49 synchronized
2026-10-08 14:15:56 synchronized
2026-10-08 14:18:06 synchronized
2026-10-08 14:20:13 synchronized
2026-10-08 14:22:18 synchronized
2026-10-08 14:24:23 synchronized
2026-10-08 14:26:49 synchronized
2026-10-08 14:28:54 synchronized
2026-10-08 14:31:01 synchronized
2026-10-08 14:33:05 synchronized
2026-10-08 14:35:09 synchronized
2026-10-08 14:37:13 synchronized
2026-10-08 14:39:18 synchronized
2026-10-08 14:41:45 synchronized
2026-10-08 14:43:48 synchronized
2026-10-08 14:45:53 synchronized
2026-10-08 14:47:59 synchronized
2026-10-08 14:50:02 synchronized
2026-10-08 14:52:05 synchronized
2026-10-08 14:54:10 synchronized
2026-10-08 14:56:13 synchronized
2026-10-08 14:58:17 synchronized
2026-10-08 15:00:21 synchronized
2026-10-08 15:02:26 synchronized
2026-10-08 15:04:31 synchronized
2026-10-08 15:06:36 synchronized
2026-10-08 15:08:43 synchronized
2026-10-08 15:10:47 synchronized
2026-10-08 15:12:51 synchronized
2026-10-08 15:14:54 synchronized
2026-10-08 15:16:58 synchronized
2026-10-08 15:19:01 synchronized
2026-10-08 15:21:05 synchronized
2026-10-08 15:23:11 synchronized
2026-10-08 15:25:17 synchronized
2026-10-08 15:27:22 synchronized
2026-10-08 15:29:28 synchronized
2026-10-08 15:31:31 synchronized
2026-10-08 15:33:37 synchronized
2026-10-08 15:35:41 synchronized
2026-10-08 15:37:46 synchronized
2026-10-08 15:39:52 synchronized
2026-10-08 15:41:56 synchronized
2026-10-08 15:44:03 synchronized
2026-10-08 15:46:11 synchronized
2026-10-08 15:48:16 synchronized
2026-10-08 15:50:22 synchronized
2026-10-08 15:52:27 synchronized
2026-10-08 15:54:33 synchronized
2026-10-08 15:56:37 synchronized
2026-10-08 15:58:41 synchronized
2026-10-08 16:00:46 synchronized
2026-10-08 16:02:49 synchronized
2026-10-08 16:04:54 synchronized
2026-10-08 16:07:01 synchronized
2026-10-08 16:09:07 synchronized
2026-10-08 16:11:14 synchronized
2026-10-08 16:13:21 synchronized
2026-10-08 16:15:26 synchronized
2026-10-08 16:17:30 synchronized
2026-10-08 16:19:33 synchronized
2026-10-08 16:21:39 synchronized
2026-10-08 16:23:42 synchronized
2026-10-08 16:25:50 synchronized
2026-10-08 16:27:59 synchronized
2026-10-08 16:30:06 synchronized
2026-10-08 16:32:13 synchronized
2026-10-08 16:34:18 synchronized
2026-10-08 16:36:22 synchronized
2026-10-08 16:38:28 synchronized
2026-10-08 16:40:31 synchronized
2026-10-08 16:42:35 synchronized
2026-10-08 16:44:40 synchronized
2026-10-08 16:46:47 synchronized
2026-10-08 16:48:56 synchronized
2026-10-08 16:51:00 synchronized
2026-10-08 16:53:05 synchronized
2026-10-08 16:55:11 synchronized
2026-10-08 16:57:17 synchronized
2026-10-08 16:59:21 synchronized
2026-10-08 17:01:24 synchronized
2026-10-08 17:03:28 synchronized
2026-10-08 17:05:34 synchronized
2026-10-08 17:07:41 synchronized
2026-10-08 17:09:47 synchronized
2026-10-08 17:11:53 synchronized
2026-10-08 17:13:58 synchronized
2026-10-08 17:16:02 synchronized
2026-10-08 17:18:05 synchronized
2026-10-08 17:20:08 synchronized
2026-10-08 17:22:10 synchronized
2026-10-08 17:24:12 synchronized
2026-10-08 17:26:14 synchronized
2026-10-08 17:28:16 synchronized
2026-10-08 17:30:18 synchronized
2026-10-08 17:32:20 synchronized
2026-10-08 17:34:22 synchronized
2026-10-08 17:36:25 synchronized
2026-10-08 17:38:27 synchronized
2026-10-08 17:40:29 synchronized
2026-10-08 17:42:32 synchronized
2026-10-08 17:44:34 synchronized
2026-10-08 17:46:36 synchronized
2026-10-08 17:48:38 synchronized
2026-10-08 17:50:41 synchronized
2026-10-08 17:52:44 synchronized
2026-10-08 17:54:46 synchronized
2026-10-08 17:56:48 synchronized
2026-10-08 17:58:50 synchronized
