Gym has been unmaintained since 2022 and does not support NumPy 2.0 amongst other critical functionality.
Please upgrade to Gymnasium, the maintained drop-in replacement of Gym, or contact the authors of your software and request that they upgrade.
Users of this version of Gym should be able to simply replace 'import gym' with 'import gymnasium as gym' in the vast majority of cases.
See the migration guide at https://gymnasium.farama.org/introduction/migration_guide/ for additional information.
[INFO] ========================================
[INFO] TEST.PY - Mamba Policy Testing
[INFO] ========================================
[INFO] Config: T=24, dt=0.25, v_max=1.0 (MATCHED TO TRAINING)
[INFO] Feature: TTC-Sorting enabled (与contracts.py训练时一致)
Using device: cuda
[INFO] Evaluation seed base: 20261006
[INFO] Oscillation metrics: /root/bayes-vl-optimized-20261007/crowd_nav/runs/optimized-10000-r1/formal-bayes_mean/benchmark-10000.csv

======================================================================
Test Case [0]: baseline_circle | 5 humans
======================================================================
[INFO] Loading Mamba policy: mamba
[INFO] SARL-style value lookahead enabled
[DEBUG] Policy Class: <class 'crowd_nav.policy.mamba_rl.MambaRLPolicy'>

Results for baseline_circle:
  SUCCESS:   498/500 (99.6%)
  COLLISION: 1/500 (0.2%)
  TIMEOUT:   1/500 (0.2%)
  TIME TAKEN (s): 11.43
  DISC. FREQ: 0.12
  DISC. DIST (m): 1.28
  OSC(success): switch=2.120/s, turn-rev=0.906/s, curvature=1.212 rad/m, lateral-sign=0.273/s
  OSC-HARM(success): stall=0.027, osc-stall=0.011, backtrack=0.067, progress-eff=0.849

======================================================================
Test Case [1]: baseline_square | 10 humans
======================================================================
[INFO] Loading Mamba policy: mamba
[INFO] SARL-style value lookahead enabled
[DEBUG] Policy Class: <class 'crowd_nav.policy.mamba_rl.MambaRLPolicy'>

Results for baseline_square:
  SUCCESS:   479/500 (95.8%)
  COLLISION: 10/500 (2.0%)
  TIMEOUT:   11/500 (2.2%)
  TIME TAKEN (s): 12.56
  DISC. FREQ: 1.22
  DISC. DIST (m): 0.84
  OSC(success): switch=2.325/s, turn-rev=1.073/s, curvature=1.697 rad/m, lateral-sign=0.393/s
  OSC-HARM(success): stall=0.096, osc-stall=0.065, backtrack=0.107, progress-eff=0.771

======================================================================
Test Case [2]: dense_circle | 10 humans
======================================================================
[INFO] Loading Mamba policy: mamba
[INFO] SARL-style value lookahead enabled
[DEBUG] Policy Class: <class 'crowd_nav.policy.mamba_rl.MambaRLPolicy'>

Results for dense_circle:
  SUCCESS:   495/500 (99.0%)
  COLLISION: 5/500 (1.0%)
  TIMEOUT:   0/500 (0.0%)
  TIME TAKEN (s): 13.25
  DISC. FREQ: 0.60
  DISC. DIST (m): 0.89
  OSC(success): switch=2.376/s, turn-rev=1.102/s, curvature=1.631 rad/m, lateral-sign=0.270/s
  OSC-HARM(success): stall=0.074, osc-stall=0.044, backtrack=0.101, progress-eff=0.744

======================================================================
Test Case [3]: dense_square | 20 humans
======================================================================
[INFO] Loading Mamba policy: mamba
[INFO] SARL-style value lookahead enabled
[DEBUG] Policy Class: <class 'crowd_nav.policy.mamba_rl.MambaRLPolicy'>

Results for dense_square:
  SUCCESS:   394/500 (78.8%)
  COLLISION: 38/500 (7.6%)
  TIMEOUT:   68/500 (13.6%)
  TIME TAKEN (s): 15.98
  DISC. FREQ: 3.59
  DISC. DIST (m): 0.57
  OSC(success): switch=2.810/s, turn-rev=1.432/s, curvature=2.607 rad/m, lateral-sign=0.556/s
  OSC-HARM(success): stall=0.149, osc-stall=0.108, backtrack=0.149, progress-eff=0.637

======================================================================
Test Case [4]: large_circle | 12 humans
======================================================================
[INFO] Loading Mamba policy: mamba
[INFO] SARL-style value lookahead enabled
[DEBUG] Policy Class: <class 'crowd_nav.policy.mamba_rl.MambaRLPolicy'>

Results for large_circle:
  SUCCESS:   435/500 (87.0%)
  COLLISION: 3/500 (0.6%)
  TIMEOUT:   62/500 (12.4%)
  TIME TAKEN (s): 17.87
  DISC. FREQ: 0.43
  DISC. DIST (m): 1.52
  OSC(success): switch=2.020/s, turn-rev=1.073/s, curvature=1.464 rad/m, lateral-sign=0.254/s
  OSC-HARM(success): stall=0.063, osc-stall=0.047, backtrack=0.091, progress-eff=0.750

======================================================================
Test Case [5]: large_square | 20 humans
======================================================================
[INFO] Loading Mamba policy: mamba
[INFO] SARL-style value lookahead enabled
[DEBUG] Policy Class: <class 'crowd_nav.policy.mamba_rl.MambaRLPolicy'>

Results for large_square:
  SUCCESS:   454/500 (90.8%)
  COLLISION: 37/500 (7.4%)
  TIMEOUT:   9/500 (1.8%)
  TIME TAKEN (s): 13.97
  DISC. FREQ: 2.56
  DISC. DIST (m): 0.70
  OSC(success): switch=2.675/s, turn-rev=1.380/s, curvature=2.318 rad/m, lateral-sign=0.476/s
  OSC-HARM(success): stall=0.107, osc-stall=0.081, backtrack=0.119, progress-eff=0.716
[INFO] Oscillation CSV complete: /root/bayes-vl-optimized-20261007/crowd_nav/runs/optimized-10000-r1/formal-bayes_mean/benchmark-10000.csv
[LATENCY] n=27233 mean=12.708 ms median=13.082 ms p95=14.060 ms max=145.804 ms
